------------------------------------------------------------
TimeQuest Timing Analyzer Summary
------------------------------------------------------------

Type  : Slow Model Setup 'clkgen0|\sden:altpll0|pll|clk[0]'
Slack : 3.409
TNS   : 0.000

Type  : Slow Model Setup 'CLOCK_50'
Slack : 4.014
TNS   : 0.000

Type  : Slow Model Setup 'clkgen0|\sden:altpll0|pll|clk[1]'
Slack : 11.811
TNS   : 0.000

Type  : Slow Model Hold 'clkgen0|\sden:altpll0|pll|clk[0]'
Slack : 0.391
TNS   : 0.000

Type  : Slow Model Hold 'clkgen0|\sden:altpll0|pll|clk[1]'
Slack : 0.391
TNS   : 0.000

Type  : Slow Model Hold 'CLOCK_50'
Slack : 5.986
TNS   : 0.000

Type  : Slow Model Recovery 'clkgen0|\sden:altpll0|pll|clk[0]'
Slack : 14.681
TNS   : 0.000

Type  : Slow Model Removal 'clkgen0|\sden:altpll0|pll|clk[0]'
Slack : 5.067
TNS   : 0.000

Type  : Slow Model Minimum Pulse Width 'clkgen0|\sden:altpll0|pll|clk[0]'
Slack : 7.873
TNS   : 0.000

Type  : Slow Model Minimum Pulse Width 'CLOCK_50'
Slack : 10.000
TNS   : 0.000

Type  : Slow Model Minimum Pulse Width 'clkgen0|\sden:altpll0|pll|clk[1]'
Slack : 17.873
TNS   : 0.000

Type  : Slow Model Minimum Pulse Width 'altera_reserved_tck'
Slack : 97.778
TNS   : 0.000

Type  : Fast Model Setup 'CLOCK_50'
Slack : 4.477
TNS   : 0.000

Type  : Fast Model Setup 'clkgen0|\sden:altpll0|pll|clk[0]'
Slack : 12.529
TNS   : 0.000

Type  : Fast Model Setup 'clkgen0|\sden:altpll0|pll|clk[1]'
Slack : 16.403
TNS   : 0.000

Type  : Fast Model Hold 'clkgen0|\sden:altpll0|pll|clk[0]'
Slack : 0.215
TNS   : 0.000

Type  : Fast Model Hold 'clkgen0|\sden:altpll0|pll|clk[1]'
Slack : 0.215
TNS   : 0.000

Type  : Fast Model Hold 'CLOCK_50'
Slack : 5.523
TNS   : 0.000

Type  : Fast Model Recovery 'clkgen0|\sden:altpll0|pll|clk[0]'
Slack : 17.121
TNS   : 0.000

Type  : Fast Model Removal 'clkgen0|\sden:altpll0|pll|clk[0]'
Slack : 2.738
TNS   : 0.000

Type  : Fast Model Minimum Pulse Width 'clkgen0|\sden:altpll0|pll|clk[0]'
Slack : 7.873
TNS   : 0.000

Type  : Fast Model Minimum Pulse Width 'CLOCK_50'
Slack : 10.000
TNS   : 0.000

Type  : Fast Model Minimum Pulse Width 'clkgen0|\sden:altpll0|pll|clk[1]'
Slack : 17.873
TNS   : 0.000

Type  : Fast Model Minimum Pulse Width 'altera_reserved_tck'
Slack : 97.778
TNS   : 0.000

------------------------------------------------------------
